// Jest Snapshot v1, https://goo.gl/fbAQLP

exports[`About Page has no unexpected changes 1`] = `
Array [
  <div
    className="css-wlea3r"
  >
    <nav
      aria-label="breadcrumb"
      className="chakra-breadcrumb css-0"
    >
      <ol
        className="chakra-breadcrumb__list css-0"
      >
        <li
          className="chakra-breadcrumb__list-item css-18biwo"
        >
          <a
            className="chakra-breadcrumb__link css-0"
            href="/"
            onClick={[Function]}
          >
            Home
          </a>
          <span
            className="css-t4q1nq"
            role="presentation"
          >
            /
          </span>
        </li>
        <li
          className="chakra-breadcrumb__list-item css-18biwo"
        >
          <span>
            About
          </span>
        </li>
      </ol>
    </nav>
  </div>,
  <h1
    className="chakra-heading css-1itv5e3"
  >
    About
  </h1>,
  <p
    className="chakra-text css-wlea3r"
  >
    GeniE, the Genetic Prevalence Estimator, uses variant databases and population data to estimate prevalence for recessive diseases. This tool uses data from the open source databases

    <a
      className="chakra-link css-0"
      href="https://www.ncbi.nlm.nih.gov/clinvar/"
      rel="noopener noreferrer"
      target="_blank"
    >
      ClinVar
    </a>

    and

    <a
      className="chakra-link css-0"
      href="https://gnomad.broadinstitute.org/"
      rel="noopener noreferrer"
      target="_blank"
    >
      gnomAD
    </a>
    .
  </p>,
  <p
    className="chakra-text css-0"
  >
    The source code necessary to reproduce the analyses is available on

    <a
      className="chakra-link css-0"
      href="https://github.com/broadinstitute/genetic-prevalence-estimator"
      rel="noopener noreferrer"
      target="_blank"
    >
      GitHub
    </a>
    .
  </p>,
  <h2
    className="chakra-heading css-1oiljpd"
  >
    Funding
  </h2>,
  <p
    className="chakra-text css-0"
  >
    Financial support for this tool is provided by the

    <a
      className="chakra-link css-0"
      href="https://the-tgg.org/"
      rel="noopener noreferrer"
      target="_blank"
    >
      Broad Institute
    </a>

    and the

    <a
      className="chakra-link css-0"
      href="https://chanzuckerberg.com/science/programs-resources/rare-as-one/"
      rel="noopener noreferrer"
      target="_blank"
    >
      Chan Zuckerberg Initiative
    </a>
    .
  </p>,
  <h2
    className="chakra-heading css-1oiljpd"
  >
    Data Use
  </h2>,
  <p
    className="chakra-text css-0"
  >
    All data here are released openly and publicly for the benefit of the wider biomedical community. There are absolutely no restrictions or embargoes on the publication of results derived from this tool. The data pulled from gnomAD and this tool are available free of restrictions under the

    <a
      className="chakra-link css-0"
      href="https://creativecommons.org/publicdomain/zero/1.0/"
      rel="noopener noreferrer"
      target="_blank"
    >
      Creative Commons Zero Public Domain Dedication
    </a>
    . This means that you can use it for any purpose without legally having to give attribution. However, we request that you actively acknowledge and give attribution to the gnomAD project
  </p>,
  <h2
    className="chakra-heading css-1oiljpd"
  >
    Citation in Publications
  </h2>,
  <p
    className="chakra-text css-wlea3r"
  >
    We request that any use of data obtained from GeniE cite the online resource and include a link to the tool (
    localhost
    ).
  </p>,
  <p
    className="chakra-text css-0"
  >
    There is no need to include us as authors on your manuscript, unless we contributed specific advice or analysis for your work.
  </p>,
  <h2
    className="chakra-heading css-1oiljpd"
  >
    Contact
  </h2>,
  <p
    className="chakra-text css-0"
  >
    Please report any issues using the

    <a
      className="chakra-link css-0"
      href="https://github.com/broadinstitute/genetic-prevalence-estimator/issues"
      rel="noopener noreferrer"
      target="_blank"
    >
      issue tracker
    </a>
    . You can also reach us at

    <a
      className="chakra-link css-0"
      href="mailto:prev-genie@broadinstitute.org"
      rel="noopener noreferrer"
      target="_blank"
    >
      prev-genie@broadinstitute.org
    </a>
    .
  </p>,
]
`;
